******************************************************************************
                  TI ARM Linker PC v16.9.4                     
******************************************************************************
>> Linked Tue Oct 31 19:25:43 2017

OUTPUT FILE NAME:   <Lab_4.out>
ENTRY POINT SYMBOL: "_c_int00"  address: 000009f9


MEMORY CONFIGURATION

         name            origin    length      used     unused   attr    fill
----------------------  --------  ---------  --------  --------  ----  --------
  MAIN                  00000000   00040000  00000d8e  0003f272  R  X
  INFO                  00200000   00004000  00000000  00004000  R  X
  SRAM_CODE             01000000   00010000  00000448  0000fbb8  RW X
  SRAM_DATA             20000000   00010000  00000448  0000fbb8  RW  


SEGMENT ALLOCATION MAP

run origin  load origin   length   init length attrs members
----------  ----------- ---------- ----------- ----- -------
00000000    00000000    00000d90   00000d90    r-x
  00000000    00000000    000000e4   000000e4    r-- .intvecs
  000000e4    000000e4    00000bf6   00000bf6    r-x .text
  00000cdc    00000cdc    00000064   00000064    r-- .const
  00000d40    00000d40    00000050   00000050    r-- .cinit
20000000    20000000    00000248   00000000    rw-
  20000000    20000000    00000248   00000000    rw- .data
2000fe00    2000fe00    00000200   00000000    rw-
  2000fe00    2000fe00    00000200   00000000    rw- .stack


SECTION ALLOCATION MAP

 output                                  attributes/
section   page    origin      length       input sections
--------  ----  ----------  ----------   ----------------
.intvecs   0    00000000    000000e4     
                  00000000    000000e4     startup_msp432p401r_ccs.obj (.intvecs:retain)

.binit     0    00000000    00000000     

.text      0    000000e4    00000bf6     
                  000000e4    0000032c     system_msp432p401r.obj (.text)
                  00000410    0000014c     msp432p4xx_driverlib.lib : cs.o (.text:CS_setDCOFrequency)
                  0000055c    000000fc     main.obj (.text)
                  00000658    000000e0     msp432p4xx_driverlib.lib : cs.o (.text:CS_initClockSignal)
                  00000738    0000009c     rtsv7M4_T_le_v4SPD16_eabi.lib : memcpy_t2.obj (.text)
                  000007d4    00000094     msp432p4xx_driverlib.lib : uart.o (.text:UART_initModule)
                  00000868    00000070     rtsv7M4_T_le_v4SPD16_eabi.lib : autoinit.obj (.text)
                  000008d8    00000068                                   : copy_decompress_lzss.obj (.text:decompress:lzss)
                  00000940    00000064     msp432p4xx_driverlib.lib : interrupt.o (.text:Interrupt_enableInterrupt)
                  000009a4    00000054                              : cs.o (.text:CS_tuneDCOFrequency)
                  000009f8    00000054     rtsv7M4_T_le_v4SPD16_eabi.lib : boot.obj (.text)
                  00000a4c    00000054                                   : exit.obj (.text)
                  00000aa0    00000050     msp432p4xx_driverlib.lib : sysctl.o (.text:SysCtl_getTLVInfo)
                  00000af0    0000004c     rtsv7M4_T_le_v4SPD16_eabi.lib : cpy_tbl.obj (.text)
                  00000b3c    00000048     msp432p4xx_driverlib.lib : gpio.o (.text:GPIO_setAsPeripheralModuleFunctionInputPin)
                  00000b84    00000030                              : uart.o (.text:UART_getEnabledInterruptStatus)
                  00000bb4    00000024                              : cs.o (.text:CS_setDCOCenteredFrequency)
                  00000bd8    00000024                              : uart.o (.text:UART_receiveData)
                  00000bfc    00000024                              : uart.o (.text:UART_transmitData)
                  00000c20    00000018                              : wdt_a.o (.text:WDT_A_holdTimer)
                  00000c38    00000018     rtsv7M4_T_le_v4SPD16_eabi.lib : args_main.obj (.text)
                  00000c50    00000016     msp432p4xx_driverlib.lib : uart.o (.text:UART_enableInterrupt)
                  00000c66    00000002     rtsv7M4_T_le_v4SPD16_eabi.lib : mpu_init.obj (.text)
                  00000c68    00000014                                   : _lock.obj (.text)
                  00000c7c    00000010     msp432p4xx_driverlib.lib : interrupt.o (.text:Interrupt_enableMaster)
                  00000c8c    0000000e                              : uart.o (.text:UART_clearInterruptFlag)
                  00000c9a    0000000e     rtsv7M4_T_le_v4SPD16_eabi.lib : copy_decompress_none.obj (.text:decompress:none)
                  00000ca8    0000000e     startup_msp432p401r_ccs.obj (.text)
                  00000cb6    0000000c     msp432p4xx_driverlib.lib : cpu.o (.text:CPU_cpsie)
                  00000cc2    0000000c                              : uart.o (.text:UART_enableModule)
                  00000cce    00000006                              : uart.o (.text:UART_getInterruptStatus)
                  00000cd4    00000004     rtsv7M4_T_le_v4SPD16_eabi.lib : pre_init.obj (.text)
                  00000cd8    00000002                                   : startup.obj (.text)

.const     0    00000cdc    00000064     
                  00000cdc    00000040     msp432p4xx_driverlib.lib : interrupt.o (.const)
                  00000d1c    00000024     main.obj (.const:uartConfig)

.cinit     0    00000d40    00000050     
                  00000d40    0000003d     (.cinit..data.load) [load image, compression = lzss]
                  00000d7d    00000003     --HOLE-- [fill = 0]
                  00000d80    00000008     (__TI_handler_table)
                  00000d88    00000008     (__TI_cinit_table)

.init_array 
*          0    00000000    00000000     UNINITIALIZED

.data      0    20000000    00000248     UNINITIALIZED
                  20000000    000001f4     main.obj (.data:receiveBuffer)
                  200001f4    00000030     msp432p4xx_driverlib.lib : gpio.o (.data:GPIO_PORT_TO_BASE)
                  20000224    0000000c     rtsv7M4_T_le_v4SPD16_eabi.lib : exit.obj (.data:$O1$$)
                  20000230    00000008                                   : _lock.obj (.data:$O1$$)
                  20000238    00000008     main.obj (.data)
                  20000240    00000004     rtsv7M4_T_le_v4SPD16_eabi.lib : stkdepth_vars.obj (.data)
                  20000244    00000004     system_msp432p401r.obj (.data)

.stack     0    2000fe00    00000200     UNINITIALIZED
                  2000fe00    00000200     --HOLE--

MODULE SUMMARY

       Module                        code   ro data   rw data
       ------                        ----   -------   -------
    .\
       main.obj                      252    36        1016   
       system_msp432p401r.obj        812    0         8      
       startup_msp432p401r_ccs.obj   14     228       0      
    +--+-----------------------------+------+---------+---------+
       Total:                        1078   264       1024   
                                                             
    C:/ti/msp432_driverlib_3_21_00_05/driverlib/MSP432P4xx/ccs/msp432p4xx_driverlib.lib
       cs.o                          676    0         0      
       uart.o                        322    0         0      
       interrupt.o                   116    64        0      
       gpio.o                        72     0         96     
       sysctl.o                      80     0         0      
       wdt_a.o                       24     0         0      
       cpu.o                         12     0         0      
    +--+-----------------------------+------+---------+---------+
       Total:                        1302   64        96     
                                                             
    C:\ti\ccsv7\tools\compiler\ti-cgt-arm_16.9.4.LTS\lib\rtsv7M4_T_le_v4SPD16_eabi.lib
       memcpy_t2.obj                 156    0         0      
       autoinit.obj                  112    0         0      
       exit.obj                      84     0         24     
       copy_decompress_lzss.obj      104    0         0      
       boot.obj                      84     0         0      
       cpy_tbl.obj                   76     0         0      
       _lock.obj                     20     0         16     
       args_main.obj                 24     0         0      
       copy_decompress_none.obj      14     0         0      
       stkdepth_vars.obj             0      0         8      
       pre_init.obj                  4      0         0      
       mpu_init.obj                  2      0         0      
       startup.obj                   2      0         0      
    +--+-----------------------------+------+---------+---------+
       Total:                        682    0         48     
                                                             
       Stack:                        0      0         1024   
       Linker Generated:             0      77        0      
    +--+-----------------------------+------+---------+---------+
       Grand Total:                  3062   405       2192   


LINKER GENERATED COPY TABLES

__TI_cinit_table @ 00000d88 records: 1, size/record: 8, table size: 8
	.data: load addr=00000d40, load size=0000003d bytes, run addr=20000000, run size=00000248 bytes, compression=lzss


LINKER GENERATED HANDLER TABLE

__TI_handler_table @ 00000d80 records: 2, size/record: 4, table size: 8
	index: 0, handler: __TI_decompress_lzss
	index: 1, handler: __TI_decompress_none


GLOBAL SYMBOLS: SORTED ALPHABETICALLY BY Name 

address   name                                      
-------   ----                                      
00000cb5  ADC14_IRQHandler                          
00000cb5  AES256_IRQHandler                         
00000cb5  BusFault_Handler                          
00000a4d  C$$EXIT                                   
00000cb5  COMP_E0_IRQHandler                        
00000cb5  COMP_E1_IRQHandler                        
00000cb7  CPU_cpsie                                 
00000cb5  CS_IRQHandler                             
00000659  CS_initClockSignal                        
00000bb5  CS_setDCOCenteredFrequency                
00000411  CS_setDCOFrequency                        
000009a5  CS_tuneDCOFrequency                       
00000cb5  DMA_ERR_IRQHandler                        
00000cb5  DMA_INT0_IRQHandler                       
00000cb5  DMA_INT1_IRQHandler                       
00000cb5  DMA_INT2_IRQHandler                       
00000cb5  DMA_INT3_IRQHandler                       
00000cb5  DebugMon_Handler                          
00000cb5  Default_Handler                           
000005f9  EUSCIA0_IRQHandler                        
000005f9  EUSCIA0_IRQHandler                        
00000cb5  EUSCIA1_IRQHandler                        
00000cb5  EUSCIA2_IRQHandler                        
00000cb5  EUSCIA3_IRQHandler                        
00000cb5  EUSCIB0_IRQHandler                        
00000cb5  EUSCIB1_IRQHandler                        
00000cb5  EUSCIB2_IRQHandler                        
00000cb5  EUSCIB3_IRQHandler                        
00000cb5  FLCTL_IRQHandler                          
00000cb5  FPU_IRQHandler                            
00000b3d  GPIO_setAsPeripheralModuleFunctionInputPin
00000cb5  HardFault_Handler                         
00000941  Interrupt_enableInterrupt                 
00000c7d  Interrupt_enableMaster                    
00000cb5  MemManage_Handler                         
00000cb5  NMI_Handler                               
00000cb5  PCM_IRQHandler                            
00000cb5  PORT1_IRQHandler                          
00000cb5  PORT2_IRQHandler                          
00000cb5  PORT3_IRQHandler                          
00000cb5  PORT4_IRQHandler                          
00000cb5  PORT5_IRQHandler                          
00000cb5  PORT6_IRQHandler                          
00000cb5  PSS_IRQHandler                            
00000cb5  PendSV_Handler                            
00000cb5  RTC_C_IRQHandler                          
00000ca9  Reset_Handler                             
UNDEFED   SHT$$INIT_ARRAY$$Base                     
UNDEFED   SHT$$INIT_ARRAY$$Limit                    
00000cb5  SVC_Handler                               
00000aa1  SysCtl_getTLVInfo                         
00000cb5  SysTick_Handler                           
20000244  SystemCoreClock                           
000000e5  SystemCoreClockUpdate                     
00000359  SystemInit                                
00000cb5  T32_INT1_IRQHandler                       
00000cb5  T32_INT2_IRQHandler                       
00000cb5  T32_INTC_IRQHandler                       
00000cb5  TA0_0_IRQHandler                          
00000cb5  TA0_N_IRQHandler                          
00000cb5  TA1_0_IRQHandler                          
00000cb5  TA1_N_IRQHandler                          
00000cb5  TA2_0_IRQHandler                          
00000cb5  TA2_N_IRQHandler                          
00000cb5  TA3_0_IRQHandler                          
00000cb5  TA3_N_IRQHandler                          
00000c8d  UART_clearInterruptFlag                   
00000c51  UART_enableInterrupt                      
00000cc3  UART_enableModule                         
00000b85  UART_getEnabledInterruptStatus            
00000ccf  UART_getInterruptStatus                   
000007d5  UART_initModule                           
00000bd9  UART_receiveData                          
00000bfd  UART_transmitData                         
00000cb5  UsageFault_Handler                        
4000480c  WDTCTL_SYM                                
00000cb5  WDT_A_IRQHandler                          
00000c21  WDT_A_holdTimer                           
20010000  __STACK_END                               
00000200  __STACK_SIZE                              
00000d88  __TI_CINIT_Base                           
00000d90  __TI_CINIT_Limit                          
00000d80  __TI_Handler_Table_Base                   
00000d88  __TI_Handler_Table_Limit                  
00000869  __TI_auto_init                            
20000224  __TI_cleanup_ptr                          
000008d9  __TI_decompress_lzss                      
00000c9b  __TI_decompress_none                      
20000228  __TI_dtors_ptr                            
2000022c  __TI_enable_exit_profile_output           
ffffffff  __TI_pprof_out_hndl                       
ffffffff  __TI_prof_data_size                       
ffffffff  __TI_prof_data_start                      
00000000  __TI_static_base__                        
00000739  __aeabi_memcpy                            
00000739  __aeabi_memcpy4                           
00000739  __aeabi_memcpy8                           
ffffffff  __binit__                                 
ffffffff  __c_args__                                
00000c67  __mpu_init                                
2000fe00  __stack                                   
00000c39  _args_main                                
000009f9  _c_int00                                  
20000230  _lock                                     
00000c77  _nop                                      
00000c6f  _register_lock                            
00000c69  _register_unlock                          
00000cd9  _system_post_cinit                        
00000cd5  _system_pre_init                          
20000234  _unlock                                   
00000a51  abort                                     
20000238  array                                     
ffffffff  binit                                     
00000af1  copy_in                                   
2000023c  edge                                      
00000a59  exit                                      
00000000  interruptVectors                          
0000055d  main                                      
20000240  main_func_sp                              
00000739  memcpy                                    
20000000  receiveBuffer                             
00000d1c  uartConfig                                


GLOBAL SYMBOLS: SORTED BY Symbol Address 

address   name                                      
-------   ----                                      
00000000  __TI_static_base__                        
00000000  interruptVectors                          
000000e5  SystemCoreClockUpdate                     
00000200  __STACK_SIZE                              
00000359  SystemInit                                
00000411  CS_setDCOFrequency                        
0000055d  main                                      
000005f9  EUSCIA0_IRQHandler                        
000005f9  EUSCIA0_IRQHandler                        
00000659  CS_initClockSignal                        
00000739  __aeabi_memcpy                            
00000739  __aeabi_memcpy4                           
00000739  __aeabi_memcpy8                           
00000739  memcpy                                    
000007d5  UART_initModule                           
00000869  __TI_auto_init                            
000008d9  __TI_decompress_lzss                      
00000941  Interrupt_enableInterrupt                 
000009a5  CS_tuneDCOFrequency                       
000009f9  _c_int00                                  
00000a4d  C$$EXIT                                   
00000a51  abort                                     
00000a59  exit                                      
00000aa1  SysCtl_getTLVInfo                         
00000af1  copy_in                                   
00000b3d  GPIO_setAsPeripheralModuleFunctionInputPin
00000b85  UART_getEnabledInterruptStatus            
00000bb5  CS_setDCOCenteredFrequency                
00000bd9  UART_receiveData                          
00000bfd  UART_transmitData                         
00000c21  WDT_A_holdTimer                           
00000c39  _args_main                                
00000c51  UART_enableInterrupt                      
00000c67  __mpu_init                                
00000c69  _register_unlock                          
00000c6f  _register_lock                            
00000c77  _nop                                      
00000c7d  Interrupt_enableMaster                    
00000c8d  UART_clearInterruptFlag                   
00000c9b  __TI_decompress_none                      
00000ca9  Reset_Handler                             
00000cb5  ADC14_IRQHandler                          
00000cb5  AES256_IRQHandler                         
00000cb5  BusFault_Handler                          
00000cb5  COMP_E0_IRQHandler                        
00000cb5  COMP_E1_IRQHandler                        
00000cb5  CS_IRQHandler                             
00000cb5  DMA_ERR_IRQHandler                        
00000cb5  DMA_INT0_IRQHandler                       
00000cb5  DMA_INT1_IRQHandler                       
00000cb5  DMA_INT2_IRQHandler                       
00000cb5  DMA_INT3_IRQHandler                       
00000cb5  DebugMon_Handler                          
00000cb5  Default_Handler                           
00000cb5  EUSCIA1_IRQHandler                        
00000cb5  EUSCIA2_IRQHandler                        
00000cb5  EUSCIA3_IRQHandler                        
00000cb5  EUSCIB0_IRQHandler                        
00000cb5  EUSCIB1_IRQHandler                        
00000cb5  EUSCIB2_IRQHandler                        
00000cb5  EUSCIB3_IRQHandler                        
00000cb5  FLCTL_IRQHandler                          
00000cb5  FPU_IRQHandler                            
00000cb5  HardFault_Handler                         
00000cb5  MemManage_Handler                         
00000cb5  NMI_Handler                               
00000cb5  PCM_IRQHandler                            
00000cb5  PORT1_IRQHandler                          
00000cb5  PORT2_IRQHandler                          
00000cb5  PORT3_IRQHandler                          
00000cb5  PORT4_IRQHandler                          
00000cb5  PORT5_IRQHandler                          
00000cb5  PORT6_IRQHandler                          
00000cb5  PSS_IRQHandler                            
00000cb5  PendSV_Handler                            
00000cb5  RTC_C_IRQHandler                          
00000cb5  SVC_Handler                               
00000cb5  SysTick_Handler                           
00000cb5  T32_INT1_IRQHandler                       
00000cb5  T32_INT2_IRQHandler                       
00000cb5  T32_INTC_IRQHandler                       
00000cb5  TA0_0_IRQHandler                          
00000cb5  TA0_N_IRQHandler                          
00000cb5  TA1_0_IRQHandler                          
00000cb5  TA1_N_IRQHandler                          
00000cb5  TA2_0_IRQHandler                          
00000cb5  TA2_N_IRQHandler                          
00000cb5  TA3_0_IRQHandler                          
00000cb5  TA3_N_IRQHandler                          
00000cb5  UsageFault_Handler                        
00000cb5  WDT_A_IRQHandler                          
00000cb7  CPU_cpsie                                 
00000cc3  UART_enableModule                         
00000ccf  UART_getInterruptStatus                   
00000cd5  _system_pre_init                          
00000cd9  _system_post_cinit                        
00000d1c  uartConfig                                
00000d80  __TI_Handler_Table_Base                   
00000d88  __TI_CINIT_Base                           
00000d88  __TI_Handler_Table_Limit                  
00000d90  __TI_CINIT_Limit                          
20000000  receiveBuffer                             
20000224  __TI_cleanup_ptr                          
20000228  __TI_dtors_ptr                            
2000022c  __TI_enable_exit_profile_output           
20000230  _lock                                     
20000234  _unlock                                   
20000238  array                                     
2000023c  edge                                      
20000240  main_func_sp                              
20000244  SystemCoreClock                           
2000fe00  __stack                                   
20010000  __STACK_END                               
4000480c  WDTCTL_SYM                                
ffffffff  __TI_pprof_out_hndl                       
ffffffff  __TI_prof_data_size                       
ffffffff  __TI_prof_data_start                      
ffffffff  __binit__                                 
ffffffff  __c_args__                                
ffffffff  binit                                     
UNDEFED   SHT$$INIT_ARRAY$$Base                     
UNDEFED   SHT$$INIT_ARRAY$$Limit                    

[122 symbols]
